// Jest Snapshot v1, https://goo.gl/fbAQLP

exports[`Dom测试 1`] = `
HTMLCollection [
  <div
    class="c1"
  />,
]
`;
